<html>
    <body>DECORATOR{{{I am a simple page 2}}}</body>
</html>